###############################################################################
#
# IAR ELF Linker V8.11.3.13950/W32 for ARM                04/Nov/2019  13:24:47
# Copyright 2007-2017 IAR Systems AB.
#
#    Output file  =  
#        C:\Users\user\Documents\Guilherme\projetos\littleFS_sd\EWARM\littleFS_sd\Exe\littleFS_sd.out
#    Map file     =  
#        C:\Users\user\Documents\Guilherme\projetos\littleFS_sd\EWARM\littleFS_sd\List\littleFS_sd.map
#    Command line =  
#        -f C:\Users\user\AppData\Local\Temp\EW7D0F.tmp
#        (C:\Users\user\Documents\Guilherme\projetos\littleFS_sd\EWARM\littleFS_sd\Obj\driver_sd.o
#        C:\Users\user\Documents\Guilherme\projetos\littleFS_sd\EWARM\littleFS_sd\Obj\fatfs_sd.o
#        C:\Users\user\Documents\Guilherme\projetos\littleFS_sd\EWARM\littleFS_sd\Obj\lfs.o
#        C:\Users\user\Documents\Guilherme\projetos\littleFS_sd\EWARM\littleFS_sd\Obj\lfs_util.o
#        C:\Users\user\Documents\Guilherme\projetos\littleFS_sd\EWARM\littleFS_sd\Obj\main.o
#        C:\Users\user\Documents\Guilherme\projetos\littleFS_sd\EWARM\littleFS_sd\Obj\startup_stm32f103xb.o
#        C:\Users\user\Documents\Guilherme\projetos\littleFS_sd\EWARM\littleFS_sd\Obj\stm32f1xx_hal.o
#        C:\Users\user\Documents\Guilherme\projetos\littleFS_sd\EWARM\littleFS_sd\Obj\stm32f1xx_hal_cortex.o
#        C:\Users\user\Documents\Guilherme\projetos\littleFS_sd\EWARM\littleFS_sd\Obj\stm32f1xx_hal_dma.o
#        C:\Users\user\Documents\Guilherme\projetos\littleFS_sd\EWARM\littleFS_sd\Obj\stm32f1xx_hal_exti.o
#        C:\Users\user\Documents\Guilherme\projetos\littleFS_sd\EWARM\littleFS_sd\Obj\stm32f1xx_hal_flash.o
#        C:\Users\user\Documents\Guilherme\projetos\littleFS_sd\EWARM\littleFS_sd\Obj\stm32f1xx_hal_flash_ex.o
#        C:\Users\user\Documents\Guilherme\projetos\littleFS_sd\EWARM\littleFS_sd\Obj\stm32f1xx_hal_gpio.o
#        C:\Users\user\Documents\Guilherme\projetos\littleFS_sd\EWARM\littleFS_sd\Obj\stm32f1xx_hal_gpio_ex.o
#        C:\Users\user\Documents\Guilherme\projetos\littleFS_sd\EWARM\littleFS_sd\Obj\stm32f1xx_hal_msp.o
#        C:\Users\user\Documents\Guilherme\projetos\littleFS_sd\EWARM\littleFS_sd\Obj\stm32f1xx_hal_pcd.o
#        C:\Users\user\Documents\Guilherme\projetos\littleFS_sd\EWARM\littleFS_sd\Obj\stm32f1xx_hal_pcd_ex.o
#        C:\Users\user\Documents\Guilherme\projetos\littleFS_sd\EWARM\littleFS_sd\Obj\stm32f1xx_hal_pwr.o
#        C:\Users\user\Documents\Guilherme\projetos\littleFS_sd\EWARM\littleFS_sd\Obj\stm32f1xx_hal_rcc.o
#        C:\Users\user\Documents\Guilherme\projetos\littleFS_sd\EWARM\littleFS_sd\Obj\stm32f1xx_hal_rcc_ex.o
#        C:\Users\user\Documents\Guilherme\projetos\littleFS_sd\EWARM\littleFS_sd\Obj\stm32f1xx_hal_spi.o
#        C:\Users\user\Documents\Guilherme\projetos\littleFS_sd\EWARM\littleFS_sd\Obj\stm32f1xx_hal_tim.o
#        C:\Users\user\Documents\Guilherme\projetos\littleFS_sd\EWARM\littleFS_sd\Obj\stm32f1xx_hal_tim_ex.o
#        C:\Users\user\Documents\Guilherme\projetos\littleFS_sd\EWARM\littleFS_sd\Obj\stm32f1xx_hal_timebase_tim.o
#        C:\Users\user\Documents\Guilherme\projetos\littleFS_sd\EWARM\littleFS_sd\Obj\stm32f1xx_it.o
#        C:\Users\user\Documents\Guilherme\projetos\littleFS_sd\EWARM\littleFS_sd\Obj\stm32f1xx_ll_usb.o
#        C:\Users\user\Documents\Guilherme\projetos\littleFS_sd\EWARM\littleFS_sd\Obj\system_stm32f1xx.o
#        C:\Users\user\Documents\Guilherme\projetos\littleFS_sd\EWARM\littleFS_sd\Obj\usb_device.o
#        C:\Users\user\Documents\Guilherme\projetos\littleFS_sd\EWARM\littleFS_sd\Obj\usbd_cdc.o
#        C:\Users\user\Documents\Guilherme\projetos\littleFS_sd\EWARM\littleFS_sd\Obj\usbd_cdc_if.o
#        C:\Users\user\Documents\Guilherme\projetos\littleFS_sd\EWARM\littleFS_sd\Obj\usbd_conf.o
#        C:\Users\user\Documents\Guilherme\projetos\littleFS_sd\EWARM\littleFS_sd\Obj\usbd_core.o
#        C:\Users\user\Documents\Guilherme\projetos\littleFS_sd\EWARM\littleFS_sd\Obj\usbd_ctlreq.o
#        C:\Users\user\Documents\Guilherme\projetos\littleFS_sd\EWARM\littleFS_sd\Obj\usbd_desc.o
#        C:\Users\user\Documents\Guilherme\projetos\littleFS_sd\EWARM\littleFS_sd\Obj\usbd_ioreq.o
#        --redirect _Printf=_PrintfFull --redirect _Scanf=_ScanfFull -o
#        C:\Users\user\Documents\Guilherme\projetos\littleFS_sd\EWARM\littleFS_sd\Exe\littleFS_sd.out
#        --map
#        C:\Users\user\Documents\Guilherme\projetos\littleFS_sd\EWARM\littleFS_sd\List\littleFS_sd.map
#        --config
#        C:\Users\user\Documents\Guilherme\projetos\littleFS_sd\EWARM/stm32f103xb_flash.icf
#        --semihosting --entry __iar_program_start --vfe --text_out locale)
#
###############################################################################

*******************************************************************************
*** RUNTIME MODEL ATTRIBUTES
***

CppFlavor       = *
__Heap_Handler  = DLMalloc
__SystemLibrary = DLib
__dlib_version  = 6


*******************************************************************************
*** HEAP SELECTION
***

The advanced heap was selected because the application calls memory
allocation functions outside of system library functions, and there
are calls to deallocation functions in the application.


*******************************************************************************
*** PLACEMENT SUMMARY
***

"A0":  place at 0x08000000 { ro section .intvec };
"P1":  place in [from 0x08000000 to 0x0801ffff] { ro };
define block CSTACK with size = 1K, alignment = 8 { };
define block HEAP with size = 512, alignment = 8 { };
"P2":  place in [from 0x20000000 to 0x20004fff] {
          rw, block CSTACK, block HEAP };
initialize by copy { rw };

  Section            Kind        Address    Size  Object
  -------            ----        -------    ----  ------
"A0":                                       0xec
  .intvec            ro code  0x08000000    0xec  startup_stm32f103xb.o [1]
                            - 0x080000ec    0xec

"P1":                                     0x7585
  .text              ro code  0x080000ec  0x14e8  dlmalloc.o [3]
  .text              ro code  0x080015d4     0x6  abort.o [3]
  .text              ro code  0x080015da    0x7a  lz77_init_single.o [5]
  .text              ro code  0x08001654    0x2c  xgetmemchunk.o [3]
  .text              ro code  0x08001680    0x14  exit.o [6]
  .text              ro code  0x08001694    0x68  iarttio.o [6]
  .text              ro code  0x080016fc     0x8  XShttio.o [3]
  .text              ro code  0x08001704   0xf72  xprintffull.o [3]
  .text              ro code  0x08002676    0x1e  xencoding_8859_1.o [3]
  .text              ro code  0x08002694    0x74  xlocale_c.o [3]
  .text              ro code  0x08002708    0x16  strchr.o [5]
  .rodata            const    0x0800271e     0x2  stm32f1xx_hal_rcc.o [1]
  .text              ro code  0x08002720    0x44  xfail_s.o [3]
  .text              ro code  0x08002764    0x36  strlen.o [5]
  .text              ro code  0x0800279c    0x58  memchr.o [5]
  .text              ro code  0x080027f4     0xa  xmbcurmax.o [3]
  .text              ro code  0x08002800    0xa6  ABImemcpy.o [5]
  .text              ro code  0x080028a8    0xee  I64DivMod.o [5]
  .text              ro code  0x08002998   0x1a2  DblMul.o [4]
  .text              ro code  0x08002b3c    0x70  frexp.o [4]
  .text              ro code  0x08002bac    0x2e  DblCmpLe.o [4]
  .text              ro code  0x08002bdc    0x2e  DblCmpGe.o [4]
  .text              ro code  0x08002c0c   0x13a  ldexp.o [4]
  .text              ro code  0x08002d48    0x3a  DblToS32.o [4]
  .text              ro code  0x08002d84    0x22  S32ToDbl.o [4]
  .text              ro code  0x08002da8    0xe2  DblSub.o [4]
  .text              ro code  0x08002e8c   0x246  DblDiv.o [4]
  .text              ro code  0x080030d4    0x28  DblToU32.o [4]
  .text              ro code  0x080030fc    0x1a  U32ToDbl.o [4]
  .text              ro code  0x08003118     0x2  I64DivZer.o [5]
  .text              ro code  0x0800311c   0x168  DblAdd.o [4]
  .text              ro code  0x08003284   0xa48  stm32f1xx_ll_usb.o [1]
  .text              ro code  0x08003ccc   0x8c0  stm32f1xx_hal_pcd.o [1]
  .text              ro code  0x0800458c   0x2ba  usbd_conf.o [1]
  .text              ro code  0x08004848    0xe8  stm32f1xx_hal_cortex.o [1]
  .text              ro code  0x08004930   0x33a  usbd_core.o [1]
  .text              ro code  0x08004c6c   0x1fa  main.o [1]
  .text              ro code  0x08004e66    0x3e  stm32f1xx_hal_pcd_ex.o [1]
  .text              ro code  0x08004ea4   0x7b4  usbd_ctlreq.o [1]
  .text              ro code  0x08005658    0x94  usbd_ioreq.o [1]
  .text              ro code  0x080056ec    0x28  stm32f1xx_hal.o [1]
  .text              ro code  0x08005714    0x54  usb_device.o [1]
  .text              ro code  0x08005768    0x70  driver_sd.o [1]
  .text              ro code  0x080057d8    0x28  stm32f1xx_hal.o [1]
  .text              ro code  0x08005800     0x6  ABImemclr4.o [5]
  .text              ro code  0x08005808   0x714  stm32f1xx_hal_rcc.o [1]
  .text              ro code  0x08005f1c   0x11c  stm32f1xx_hal_rcc_ex.o [1]
  .text              ro code  0x08006038    0x8a  stm32f1xx_hal_spi.o [1]
  .text              ro code  0x080060c4   0x22c  stm32f1xx_hal_gpio.o [1]
  .text              ro code  0x080062f0    0x18  stm32f1xx_hal.o [1]
  .text              ro code  0x08006308    0x8c  stm32f1xx_hal_timebase_tim.o [1]
  .text              ro code  0x08006394    0xcc  stm32f1xx_hal_msp.o [1]
  .text              ro code  0x08006460   0x374  usbd_cdc.o [1]
  .text              ro code  0x080067d4    0x28  printf.o [3]
  .text              ro code  0x080067fc     0xc  stm32f1xx_hal.o [1]
  .text              ro code  0x08006808    0x32  ABImemset48.o [5]
  .text              ro code  0x0800683c   0x24a  stm32f1xx_hal_tim.o [1]
  .text              ro code  0x08006a86     0x2  stm32f1xx_hal_tim.o [1]
  .text              ro code  0x08006a88     0x2  stm32f1xx_hal_tim.o [1]
  .text              ro code  0x08006a8a     0x2  stm32f1xx_hal_tim.o [1]
  .text              ro code  0x08006a8c     0x2  stm32f1xx_hal_tim_ex.o [1]
  .text              ro code  0x08006a8e     0x2  stm32f1xx_hal_tim.o [1]
  .text              ro code  0x08006a90     0x2  stm32f1xx_hal_tim_ex.o [1]
  .text              ro code  0x08006a94   0x134  usbd_desc.o [1]
  .text              ro code  0x08006bc8    0xd8  xfspos.o [3]
  .text              ro code  0x08006ca0    0xac  fflush.o [3]
  .text              ro code  0x08006d4c     0xc  xfgpos.o [3]
  .text              ro code  0x08006d58    0x4c  lseek.o [6]
  .text              ro code  0x08006da4    0x10  write.o [6]
  .text              ro code  0x08006db4    0xcc  XShHandles.o [3]
  .text              ro code  0x08006e80    0x1e  dwrite.o [6]
  .text              ro code  0x08006e9e    0x20  iarwstd.o [6]
  .text              ro code  0x08006ebe    0x22  iarwrite.o [6]
  .text              ro code  0x08006ee0    0xb4  xfwprep.o [3]
  .text              ro code  0x08006f94    0x24  fseek.o [3]
  .text              ro code  0x08006fb8    0x7e  fclose.o [3]
  .text              ro code  0x08007038    0x7c  xfofind.o [3]
  .text              ro code  0x080070b4     0x4  heaptramp0.o [3]
  .text              ro code  0x080070b8    0x1a  close.o [6]
  .text              ro code  0x080070d2    0x16  remove.o [6]
  .text              ro code  0x080070e8    0x7c  stm32f1xx_it.o [1]
  .text              ro code  0x08007164    0x7c  usbd_cdc_if.o [1]
  .text              ro code  0x080071e0    0x68  system_stm32f1xx.o [1]
  .text              ro code  0x08007248    0x56  fputc.o [3]
  .text              ro code  0x0800729e    0x40  zero_init3.o [5]
  .text              ro code  0x080072e0    0x3c  xcloseall.o [3]
  .text              ro code  0x0800731c    0x28  data_init.o [5]
  .iar.init_table    const    0x08007344    0x20  - Linker created -
  .text              ro code  0x08007364    0x1a  cmain.o [5]
  .text              ro code  0x0800737e     0x4  low_level_init.o [3]
  .text              ro code  0x08007382     0x4  exit.o [3]
  .text              ro code  0x08007388     0xe  cexit.o [5]
  .rodata            const    0x08007398    0x18  usbd_desc.o [1]
  .text              ro code  0x080073b0    0x16  xprout.o [3]
  .text              ro code  0x080073c8     0xc  putchar.o [3]
  .rodata            const    0x080073d4    0x14  driver_sd.o [1]
  .rodata            const    0x080073e8    0x14  driver_sd.o [1]
  .rodata            const    0x080073fc    0x14  usbd_desc.o [1]
  .rodata            const    0x08007410    0x10  stm32f1xx_hal_rcc.o [1]
  .rodata            const    0x08007420    0x10  system_stm32f1xx.o [1]
  .rodata            const    0x08007430    0x10  usbd_desc.o [1]
  .text              ro code  0x08007440    0x10  startup_stm32f103xb.o [1]
  .rodata            const    0x08007450     0xc  usbd_desc.o [1]
  .text              ro code  0x0800745c     0xc  cstartup_M.o [5]
  .rodata            const    0x08007468     0x8  system_stm32f1xx.o [1]
  .rodata            const    0x08007470     0x6  xlocale_c.o [3]
  .text              ro code  0x08007476     0x4  startup_stm32f103xb.o [1]
  .text              ro code  0x0800747a     0x4  startup_stm32f103xb.o [1]
  .text              ro code  0x0800747e     0x4  startup_stm32f103xb.o [1]
  .text              ro code  0x08007482     0x4  startup_stm32f103xb.o [1]
  .text              ro code  0x08007486     0x4  startup_stm32f103xb.o [1]
  .text              ro code  0x0800748a     0x4  startup_stm32f103xb.o [1]
  .text              ro code  0x0800748e     0x4  startup_stm32f103xb.o [1]
  .text              ro code  0x08007492     0x4  startup_stm32f103xb.o [1]
  .text              ro code  0x08007496     0x4  startup_stm32f103xb.o [1]
  .text              ro code  0x0800749a     0x4  startup_stm32f103xb.o [1]
  .text              ro code  0x0800749e     0x4  startup_stm32f103xb.o [1]
  .text              ro code  0x080074a2     0x4  startup_stm32f103xb.o [1]
  .text              ro code  0x080074a6     0x4  startup_stm32f103xb.o [1]
  .text              ro code  0x080074aa     0x4  startup_stm32f103xb.o [1]
  .text              ro code  0x080074ae     0x4  startup_stm32f103xb.o [1]
  .text              ro code  0x080074b2     0x4  startup_stm32f103xb.o [1]
  .text              ro code  0x080074b6     0x4  startup_stm32f103xb.o [1]
  .text              ro code  0x080074ba     0x4  startup_stm32f103xb.o [1]
  .text              ro code  0x080074be     0x4  startup_stm32f103xb.o [1]
  .text              ro code  0x080074c2     0x4  startup_stm32f103xb.o [1]
  .text              ro code  0x080074c6     0x4  startup_stm32f103xb.o [1]
  .text              ro code  0x080074ca     0x4  startup_stm32f103xb.o [1]
  .text              ro code  0x080074ce     0x4  startup_stm32f103xb.o [1]
  .text              ro code  0x080074d2     0x4  startup_stm32f103xb.o [1]
  .text              ro code  0x080074d6     0x4  startup_stm32f103xb.o [1]
  .text              ro code  0x080074da     0x4  startup_stm32f103xb.o [1]
  .text              ro code  0x080074de     0x4  startup_stm32f103xb.o [1]
  .text              ro code  0x080074e2     0x4  startup_stm32f103xb.o [1]
  .text              ro code  0x080074e6     0x4  startup_stm32f103xb.o [1]
  .text              ro code  0x080074ea     0x4  startup_stm32f103xb.o [1]
  .text              ro code  0x080074ee     0x4  startup_stm32f103xb.o [1]
  .text              ro code  0x080074f2     0x4  startup_stm32f103xb.o [1]
  .text              ro code  0x080074f6     0x4  startup_stm32f103xb.o [1]
  .text              ro code  0x080074fa     0x4  startup_stm32f103xb.o [1]
  .text              ro code  0x080074fe     0x4  startup_stm32f103xb.o [1]
  .text              ro code  0x08007502     0x4  startup_stm32f103xb.o [1]
  .text              ro code  0x08007506     0x4  startup_stm32f103xb.o [1]
  .text              ro code  0x0800750a     0x4  startup_stm32f103xb.o [1]
  .text              ro code  0x0800750e     0x4  startup_stm32f103xb.o [1]
  .text              ro code  0x08007512     0x4  startup_stm32f103xb.o [1]
  .text              ro code  0x08007516     0x4  startup_stm32f103xb.o [1]
  .text              ro code  0x0800751c     0x0  cstart_closeall.o [5]
  .rodata            const    0x0800751c     0x0  zero_init3.o [5]
  .rodata            const    0x0800751c     0x0  lz77_init_single.o [5]
  Initializer bytes  const    0x0800751c   0x155  <for P2-1>
                            - 0x08007671  0x7585

"P2", part 1 of 3:                         0x2f9
  P2-1                        0x20000000   0x2f9  <Init block>
    .data            inited   0x20000000     0x4  stm32f1xx_hal.o [1]
    .data            inited   0x20000004     0x4  system_stm32f1xx.o [1]
    .data            inited   0x20000008     0xc  usbd_cdc.o [1]
    .data            inited   0x20000014    0x38  usbd_cdc.o [1]
    .data            inited   0x2000004c    0x44  usbd_cdc.o [1]
    .data            inited   0x20000090    0x44  usbd_cdc.o [1]
    .data            inited   0x200000d4    0x44  usbd_cdc.o [1]
    .data            inited   0x20000118    0x10  usbd_cdc_if.o [1]
    .data            inited   0x20000128    0x1c  usbd_desc.o [1]
    .data            inited   0x20000144    0x14  usbd_desc.o [1]
    .data            inited   0x20000158     0x4  usbd_desc.o [1]
    .data            inited   0x2000015c    0x1c  usbd_desc.o [1]
    .data            inited   0x20000178    0x38  xlocale_c.o [3]
    .data            inited   0x200001b0    0x48  xlocale_c.o [3]
    .data            inited   0x200001f8    0x48  xfiles.o [3]
    .data            inited   0x20000240    0x48  xfiles.o [3]
    .data            inited   0x20000288    0x48  xfiles.o [3]
    .data            inited   0x200002d0    0x20  xfiles.o [3]
    .data            inited   0x200002f0     0x8  XShttio.o [3]
    .data            inited   0x200002f8     0x1  stm32f1xx_hal.o [1]
                            - 0x200002f9   0x2f9

"P2", part 2 of 3:                        0x14d8
  .bss               zero     0x200002fc   0x3e8  usbd_cdc_if.o [1]
  .bss               zero     0x200006e4   0x3e8  usbd_cdc_if.o [1]
  .bss               zero     0x20000acc   0x2c4  usb_device.o [1]
  .bss               zero     0x20000d90   0x26c  usbd_conf.o [1]
  .bss               zero     0x20000ffc   0x220  usbd_conf.o [1]
  .bss               zero     0x2000121c   0x200  usbd_desc.o [1]
  .bss               zero     0x2000141c   0x1d8  dlmalloc.o [3]
  .bss               zero     0x200015f4    0x80  XShHandles.o [3]
  .bss               zero     0x20001674    0x58  main.o [1]
  .bss               zero     0x200016cc    0x50  xfiles.o [3]
  .bss               zero     0x2000171c    0x50  xfiles.o [3]
  .bss               zero     0x2000176c    0x40  stm32f1xx_hal_timebase_tim.o [1]
  .bss               zero     0x200017ac    0x18  dlmalloc.o [3]
  .bss               zero     0x200017c4     0x4  stm32f1xx_hal.o [1]
  .bss               zero     0x200017c8     0x4  xfail_s.o [3]
  .bss               zero     0x200017cc     0x4  xgetmemchunk.o [3]
  .bss               zero     0x200017d0     0x1  stm32f1xx_it.o [1]
  .bss               zero     0x200017d1     0x1  stm32f1xx_it.o [1]
  .bss               zero     0x200017d2     0x1  stm32f1xx_it.o [1]
  .bss               zero     0x200017d3     0x1  usbd_ctlreq.o [1]
                            - 0x200017d4  0x14d8

"P2", part 3 of 3:                         0x600
  CSTACK                      0x200017d8   0x400  <Block>
    CSTACK           uninit   0x200017d8   0x400  <Block tail>
  HEAP                        0x20001bd8   0x200  <Block>
    HEAP             uninit   0x20001bd8   0x200  <Block tail>
                            - 0x20001dd8   0x600


*******************************************************************************
*** INIT TABLE
***

          Address     Size
          -------     ----
Zero (__iar_zero_init3)
    1 destination range, total size 0x14d8:
          0x200002fc  0x14d8

Copy/lz77 (__iar_lz77_init_single3)
    1 source range, total size 0x155 (44% of destination):
          0x0800751c   0x155
    1 destination range, total size 0x2f9:
          0x20000000   0x2f9



*******************************************************************************
*** MODULE SUMMARY
***

    Module                        ro code  ro data  rw data
    ------                        -------  -------  -------
C:\Users\user\Documents\Guilherme\projetos\littleFS_sd\EWARM\littleFS_sd\Obj: [1]
    driver_sd.o                       112       40
    main.o                            506                88
    startup_stm32f103xb.o             416
    stm32f1xx_hal.o                   116        2        9
    stm32f1xx_hal_cortex.o            232
    stm32f1xx_hal_gpio.o              556
    stm32f1xx_hal_msp.o               204
    stm32f1xx_hal_pcd.o             2 240
    stm32f1xx_hal_pcd_ex.o             62
    stm32f1xx_hal_rcc.o             1 812       18
    stm32f1xx_hal_rcc_ex.o            284
    stm32f1xx_hal_spi.o               138
    stm32f1xx_hal_tim.o               594
    stm32f1xx_hal_tim_ex.o              4
    stm32f1xx_hal_timebase_tim.o      140                64
    stm32f1xx_it.o                    124                 3
    stm32f1xx_ll_usb.o              2 632
    system_stm32f1xx.o                104       26        4
    usb_device.o                       84               708
    usbd_cdc.o                        884      122      272
    usbd_cdc_if.o                     124        7    2 016
    usbd_conf.o                       698             1 164
    usbd_core.o                       826
    usbd_ctlreq.o                   1 972                 1
    usbd_desc.o                       308      108      592
    usbd_ioreq.o                      148
    -------------------------------------------------------
    Total:                         15 320      323    4 921

command line: [2]
    -------------------------------------------------------
    Total:

dl7M_tlf.a: [3]
    XShHandles.o                      204               128
    XShttio.o                           8        4        8
    abort.o                             6
    dlmalloc.o                      5 352               496
    exit.o                              4
    fclose.o                          126
    fflush.o                          172
    fputc.o                            86
    fseek.o                            36
    heaptramp0.o                        4
    low_level_init.o                    4
    printf.o                           40
    putchar.o                          12
    xcloseall.o                        60
    xencoding_8859_1.o                 30
    xfail_s.o                          68                 4
    xfgpos.o                           12
    xfiles.o                                   111      408
    xfofind.o                         124
    xfspos.o                          216
    xfwprep.o                         180
    xgetmemchunk.o                     44                 4
    xlocale_c.o                       116       63      128
    xmbcurmax.o                        10
    xprintffull.o                   3 954
    xprout.o                           22
    -------------------------------------------------------
    Total:                         10 890      178    1 176

m7M_tl.a: [4]
    DblAdd.o                          360
    DblCmpGe.o                         46
    DblCmpLe.o                         46
    DblDiv.o                          582
    DblMul.o                          418
    DblSub.o                          226
    DblToS32.o                         58
    DblToU32.o                         40
    S32ToDbl.o                         34
    U32ToDbl.o                         26
    frexp.o                           112
    ldexp.o                           314
    -------------------------------------------------------
    Total:                          2 262

rt7M_tl.a: [5]
    ABImemclr4.o                        6
    ABImemcpy.o                       166
    ABImemset48.o                      50
    I64DivMod.o                       238
    I64DivZer.o                         2
    cexit.o                            14
    cmain.o                            26
    cstart_closeall.o
    cstartup_M.o                       12
    data_init.o                        40
    lz77_init_single.o                122
    memchr.o                           88
    strchr.o                           22
    strlen.o                           54
    zero_init3.o                       64
    -------------------------------------------------------
    Total:                            904

shb_l.a: [6]
    close.o                            26
    dwrite.o                           30
    exit.o                             20
    iarttio.o                         104
    iarwrite.o                         34
    iarwstd.o                          32
    lseek.o                            76
    remove.o                           22
    write.o                            16
    -------------------------------------------------------
    Total:                            360

    Gaps                               50        2
    Linker created                              32    1 536
-----------------------------------------------------------
    Grand Total:                   29 786      535    7 633


*******************************************************************************
*** ENTRY LIST
***

Entry                      Address   Size  Type      Object
-----                      -------   ----  ----      ------
.iar.init_table$$Base   0x08007344          --   Gb  - Linker created -
.iar.init_table$$Limit  0x08007364          --   Gb  - Linker created -
?main                   0x08007365         Code  Gb  cmain.o [5]
AHBPrescTable           0x08007420   0x10  Data  Gb  system_stm32f1xx.o [1]
APBPrescTable           0x08007468    0x8  Data  Gb  system_stm32f1xx.o [1]
BusFault_Handler        0x08007115    0x2  Code  Gb  stm32f1xx_it.o [1]
CDC_Control_FS          0x08007181   0x3e  Code  Lc  usbd_cdc_if.o [1]
CDC_DeInit_FS           0x0800717d    0x4  Code  Lc  usbd_cdc_if.o [1]
CDC_Init_FS             0x08007165   0x18  Code  Lc  usbd_cdc_if.o [1]
CDC_Receive_FS          0x080071bf   0x14  Code  Lc  usbd_cdc_if.o [1]
CSTACK$$Base            0x200017d8          --   Gb  - Linker created -
CSTACK$$Limit           0x20001bd8          --   Gb  - Linker created -
CacheMore               0x08002699   0x24  Code  Lc  xlocale_c.o [3]
DebugMon_Handler        0x0800711b    0x2  Code  Gb  stm32f1xx_it.o [1]
Error_Handler           0x08004e65    0x2  Code  Gb  main.o [1]
FS_Desc                 0x20000128   0x1c  Data  Gb  usbd_desc.o [1]
FatFsCnt                0x200017d0    0x1  Data  Gb  stm32f1xx_it.o [1]
Get_SerialNum           0x08006b23   0x28  Code  Lc  usbd_desc.o [1]
HAL_Delay               0x080057d9   0x28  Code  Wk  stm32f1xx_hal.o [1]
HAL_GPIO_Init           0x080060c5  0x1c4  Code  Gb  stm32f1xx_hal_gpio.o [1]
HAL_GPIO_ReadPin        0x08006289   0x12  Code  Gb  stm32f1xx_hal_gpio.o [1]
HAL_GPIO_WritePin       0x0800629b   0x14  Code  Gb  stm32f1xx_hal_gpio.o [1]
HAL_GetTick             0x080067fd    0xc  Code  Wk  stm32f1xx_hal.o [1]
HAL_IncTick             0x080062f1   0x18  Code  Wk  stm32f1xx_hal.o [1]
HAL_Init                0x080056ed   0x22  Code  Gb  stm32f1xx_hal.o [1]
HAL_InitTick            0x08006309   0x7a  Code  Gb  stm32f1xx_hal_timebase_tim.o [1]
HAL_MspInit             0x08006395   0x46  Code  Gb  stm32f1xx_hal_msp.o [1]
HAL_NVIC_EnableIRQ      0x08004913    0xa  Code  Gb  stm32f1xx_hal_cortex.o [1]
HAL_NVIC_SetPriority    0x080048f1   0x22  Code  Gb  stm32f1xx_hal_cortex.o [1]
HAL_NVIC_SetPriorityGrouping
                        0x080048e9    0x8  Code  Gb  stm32f1xx_hal_cortex.o [1]
HAL_PCDEx_PMAConfig     0x08004e67   0x3e  Code  Gb  stm32f1xx_hal_pcd_ex.o [1]
HAL_PCDEx_SetConnectionState
                        0x0800481b    0x2  Code  Gb  usbd_conf.o [1]
HAL_PCD_DataInStageCallback
                        0x080045e9   0x16  Code  Gb  usbd_conf.o [1]
HAL_PCD_DataOutStageCallback
                        0x080045d1   0x18  Code  Gb  usbd_conf.o [1]
HAL_PCD_EP_Close        0x0800403d   0x58  Code  Gb  stm32f1xx_hal_pcd.o [1]
HAL_PCD_EP_ClrStall     0x08004195   0x6c  Code  Gb  stm32f1xx_hal_pcd.o [1]
HAL_PCD_EP_GetRxCount   0x080040d1   0x10  Code  Gb  stm32f1xx_hal_pcd.o [1]
HAL_PCD_EP_Open         0x08003fc5   0x78  Code  Gb  stm32f1xx_hal_pcd.o [1]
HAL_PCD_EP_Receive      0x08004095   0x3c  Code  Gb  stm32f1xx_hal_pcd.o [1]
HAL_PCD_EP_SetStall     0x0800411b   0x7a  Code  Gb  stm32f1xx_hal_pcd.o [1]
HAL_PCD_EP_Transmit     0x080040e1   0x3a  Code  Gb  stm32f1xx_hal_pcd.o [1]
HAL_PCD_IRQHandler      0x08003e3f  0x15a  Code  Gb  stm32f1xx_hal_pcd.o [1]
HAL_PCD_Init            0x08003ccd  0x13e  Code  Gb  stm32f1xx_hal_pcd.o [1]
HAL_PCD_MspInit         0x0800458d   0x34  Code  Gb  usbd_conf.o [1]
HAL_PCD_ResetCallback   0x0800460b   0x26  Code  Gb  usbd_conf.o [1]
HAL_PCD_ResumeCallback  0x08004651    0xc  Code  Gb  usbd_conf.o [1]
HAL_PCD_SOFCallback     0x080045ff    0xc  Code  Gb  usbd_conf.o [1]
HAL_PCD_SetAddress      0x08003f99   0x2c  Code  Gb  stm32f1xx_hal_pcd.o [1]
HAL_PCD_SetupStageCallback
                        0x080045c1   0x10  Code  Gb  usbd_conf.o [1]
HAL_PCD_Start           0x08003e0b   0x34  Code  Gb  stm32f1xx_hal_pcd.o [1]
HAL_PCD_SuspendCallback
                        0x08004631   0x20  Code  Gb  usbd_conf.o [1]
HAL_RCCEx_PeriphCLKConfig
                        0x08005f1d  0x108  Code  Gb  stm32f1xx_hal_rcc_ex.o [1]
HAL_RCC_ClockConfig     0x08005c85  0x16e  Code  Gb  stm32f1xx_hal_rcc.o [1]
HAL_RCC_GetClockConfig  0x08005e73   0x3a  Code  Gb  stm32f1xx_hal_rcc.o [1]
HAL_RCC_GetHCLKFreq     0x08005e57    0x6  Code  Gb  stm32f1xx_hal_rcc.o [1]
HAL_RCC_GetPCLK2Freq    0x08005e5d   0x16  Code  Gb  stm32f1xx_hal_rcc.o [1]
HAL_RCC_GetSysClockFreq
                        0x08005df3   0x64  Code  Gb  stm32f1xx_hal_rcc.o [1]
HAL_RCC_OscConfig       0x08005809  0x47c  Code  Gb  stm32f1xx_hal_rcc.o [1]
HAL_SPI_Init            0x08006039   0x8a  Code  Gb  stm32f1xx_hal_spi.o [1]
HAL_SPI_MspInit         0x080063db   0x72  Code  Gb  stm32f1xx_hal_msp.o [1]
HAL_TIMEx_BreakCallback
                        0x08006a8d    0x2  Code  Wk  stm32f1xx_hal_tim_ex.o [1]
HAL_TIMEx_CommutCallback
                        0x08006a91    0x2  Code  Wk  stm32f1xx_hal_tim_ex.o [1]
HAL_TIM_Base_Init       0x0800683d   0x38  Code  Gb  stm32f1xx_hal_tim.o [1]
HAL_TIM_Base_Start_IT   0x08006875   0x28  Code  Gb  stm32f1xx_hal_tim.o [1]
HAL_TIM_IRQHandler      0x0800689d  0x176  Code  Gb  stm32f1xx_hal_tim.o [1]
HAL_TIM_PeriodElapsedCallback
                        0x08004e3b   0x10  Code  Gb  main.o [1]
HEAP$$Base              0x20001bd8          --   Gb  - Linker created -
HEAP$$Limit             0x20001dd8          --   Gb  - Linker created -
HardFault_Handler       0x08007111    0x2  Code  Gb  stm32f1xx_it.o [1]
IntToUnicode            0x08006b81   0x48  Code  Lc  usbd_desc.o [1]
LoadInt                 0x080018d3   0x7a  Code  Lc  xprintffull.o [3]
MX_GPIO_Init            0x08004d87   0xb4  Code  Lc  main.o [1]
MX_SPI1_Init            0x08004d29   0x5e  Code  Lc  main.o [1]
MX_USB_DEVICE_Init      0x08005715   0x54  Code  Gb  usb_device.o [1]
MemManage_Handler       0x08007113    0x2  Code  Gb  stm32f1xx_it.o [1]
NMI_Handler             0x0800710f    0x2  Code  Gb  stm32f1xx_it.o [1]
NVIC_EncodePriority     0x080048ab   0x3e  Code  Lc  stm32f1xx_hal_cortex.o [1]
PCD_EP_ISR_Handler      0x08004201  0x38c  Code  Lc  stm32f1xx_hal_pcd.o [1]
PendSV_Handler          0x0800711d    0x2  Code  Gb  stm32f1xx_it.o [1]
RCC_Delay               0x08005ead   0x24  Code  Lc  stm32f1xx_hal_rcc.o [1]
Region$$Table$$Base     0x08007344          --   Gb  - Linker created -
Region$$Table$$Limit    0x08007364          --   Gb  - Linker created -
SDTimer_Handler         0x080070e9   0x26  Code  Gb  stm32f1xx_it.o [1]
SVC_Handler             0x08007119    0x2  Code  Gb  stm32f1xx_it.o [1]
SysTick_Handler         0x0800711f    0x2  Code  Gb  stm32f1xx_it.o [1]
SystemClock_Config      0x08004c9d   0x8c  Code  Gb  main.o [1]
SystemCoreClock         0x20000004    0x4  Data  Gb  system_stm32f1xx.o [1]
SystemInit              0x080071e1   0x4e  Code  Gb  system_stm32f1xx.o [1]
TIM1_UP_IRQHandler      0x0800712b   0x26  Code  Gb  stm32f1xx_it.o [1]
TIM_Base_SetConfig      0x08006a13   0x64  Code  Gb  stm32f1xx_hal_tim.o [1]
Timer1                  0x200017d1    0x1  Data  Gb  stm32f1xx_it.o [1]
Timer2                  0x200017d2    0x1  Data  Gb  stm32f1xx_it.o [1]
USBD_CDC                0x20000014   0x38  Data  Gb  usbd_cdc.o [1]
USBD_CDC_CfgFSDesc      0x20000090   0x44  Data  Gb  usbd_cdc.o [1]
USBD_CDC_CfgHSDesc      0x2000004c   0x44  Data  Gb  usbd_cdc.o [1]
USBD_CDC_DataIn         0x08006669   0x6a  Code  Lc  usbd_cdc.o [1]
USBD_CDC_DataOut        0x080066d3   0x34  Code  Lc  usbd_cdc.o [1]
USBD_CDC_DeInit         0x08006523   0x50  Code  Lc  usbd_cdc.o [1]
USBD_CDC_DeviceQualifierDesc
                        0x20000008    0xc  Data  Lc  usbd_cdc.o [1]
USBD_CDC_EP0_RxReady    0x08006707   0x36  Code  Lc  usbd_cdc.o [1]
USBD_CDC_GetDeviceQualifierDescriptor
                        0x08006755    0x8  Code  Gb  usbd_cdc.o [1]
USBD_CDC_GetFSCfgDesc   0x0800673d    0x8  Code  Lc  usbd_cdc.o [1]
USBD_CDC_GetHSCfgDesc   0x08006745    0x8  Code  Lc  usbd_cdc.o [1]
USBD_CDC_GetOtherSpeedCfgDesc
                        0x0800674d    0x8  Code  Lc  usbd_cdc.o [1]
USBD_CDC_Init           0x08006461   0xc2  Code  Lc  usbd_cdc.o [1]
USBD_CDC_OtherSpeedCfgDesc
                        0x200000d4   0x44  Data  Gb  usbd_cdc.o [1]
USBD_CDC_ReceivePacket  0x0800679d   0x38  Code  Gb  usbd_cdc.o [1]
USBD_CDC_RegisterInterface
                        0x0800676d   0x12  Code  Gb  usbd_cdc.o [1]
USBD_CDC_SetRxBuffer    0x08006791    0xc  Code  Gb  usbd_cdc.o [1]
USBD_CDC_SetTxBuffer    0x0800677f   0x12  Code  Gb  usbd_cdc.o [1]
USBD_CDC_Setup          0x08006573   0xf6  Code  Lc  usbd_cdc.o [1]
USBD_ClrClassConfig     0x080049a5   0x10  Code  Gb  usbd_core.o [1]
USBD_ClrFeature         0x0800559d   0x24  Code  Lc  usbd_ctlreq.o [1]
USBD_CtlContinueRx      0x080056af   0x12  Code  Gb  usbd_ioreq.o [1]
USBD_CtlContinueSendData
                        0x08005679   0x12  Code  Gb  usbd_ioreq.o [1]
USBD_CtlError           0x080055e9   0x16  Code  Gb  usbd_ctlreq.o [1]
USBD_CtlPrepareRx       0x0800568b   0x24  Code  Gb  usbd_ioreq.o [1]
USBD_CtlReceiveStatus   0x080056d7   0x16  Code  Gb  usbd_ioreq.o [1]
USBD_CtlSendData        0x08005659   0x20  Code  Gb  usbd_ioreq.o [1]
USBD_CtlSendStatus      0x080056c1   0x16  Code  Gb  usbd_ioreq.o [1]
USBD_FS_ConfigStrDescriptor
                        0x08006ae3   0x20  Code  Gb  usbd_desc.o [1]
USBD_FS_DeviceDesc      0x20000144   0x14  Data  Gb  usbd_desc.o [1]
USBD_FS_DeviceDescriptor
                        0x08006a95    0x8  Code  Gb  usbd_desc.o [1]
USBD_FS_InterfaceStrDescriptor
                        0x08006b03   0x20  Code  Gb  usbd_desc.o [1]
USBD_FS_LangIDStrDescriptor
                        0x08006a9d    0x8  Code  Gb  usbd_desc.o [1]
USBD_FS_ManufacturerStrDescriptor
                        0x08006ac5   0x10  Code  Gb  usbd_desc.o [1]
USBD_FS_ProductStrDescriptor
                        0x08006aa5   0x20  Code  Gb  usbd_desc.o [1]
USBD_FS_SerialStrDescriptor
                        0x08006ad5    0xe  Code  Gb  usbd_desc.o [1]
USBD_GetConfig          0x0800550d   0x3e  Code  Lc  usbd_ctlreq.o [1]
USBD_GetDescriptor      0x080051c7  0x200  Code  Lc  usbd_ctlreq.o [1]
USBD_GetLen             0x08005645   0x14  Code  Lc  usbd_ctlreq.o [1]
USBD_GetStatus          0x0800554b   0x3e  Code  Lc  usbd_ctlreq.o [1]
USBD_GetString          0x080055ff   0x46  Code  Gb  usbd_ctlreq.o [1]
USBD_Get_USB_Status     0x0800481d   0x2a  Code  Lc  usbd_conf.o [1]
USBD_Init               0x08004931   0x30  Code  Gb  usbd_core.o [1]
USBD_Interface_fops_FS  0x20000118   0x10  Data  Gb  usbd_cdc_if.o [1]
USBD_LL_ClearStallEP    0x0800475d   0x1a  Code  Gb  usbd_conf.o [1]
USBD_LL_CloseEP         0x08004729   0x1a  Code  Gb  usbd_conf.o [1]
USBD_LL_DataInStage     0x08004abd  0x102  Code  Gb  usbd_core.o [1]
USBD_LL_DataOutStage    0x08004a19   0xa4  Code  Gb  usbd_core.o [1]
USBD_LL_GetRxDataSize   0x080047f3    0xe  Code  Gb  usbd_conf.o [1]
USBD_LL_Init            0x0800465d   0x90  Code  Gb  usbd_conf.o [1]
USBD_LL_IsStallEP       0x08004777   0x2a  Code  Gb  usbd_conf.o [1]
USBD_LL_OpenEP          0x08004705   0x24  Code  Gb  usbd_conf.o [1]
USBD_LL_PrepareReceive  0x080047d7   0x1c  Code  Gb  usbd_conf.o [1]
USBD_LL_Reset           0x08004bbf   0x60  Code  Gb  usbd_core.o [1]
USBD_LL_Resume          0x08004c37   0x14  Code  Gb  usbd_core.o [1]
USBD_LL_SOF             0x08004c4b   0x20  Code  Gb  usbd_core.o [1]
USBD_LL_SetSpeed        0x08004c1f    0x6  Code  Gb  usbd_core.o [1]
USBD_LL_SetUSBAddress   0x080047a1   0x1a  Code  Gb  usbd_conf.o [1]
USBD_LL_SetupStage      0x080049b5   0x64  Code  Gb  usbd_core.o [1]
USBD_LL_StallEP         0x08004743   0x1a  Code  Gb  usbd_conf.o [1]
USBD_LL_Start           0x080046ed   0x18  Code  Gb  usbd_conf.o [1]
USBD_LL_Suspend         0x08004c25   0x12  Code  Gb  usbd_core.o [1]
USBD_LL_Transmit        0x080047bb   0x1c  Code  Gb  usbd_conf.o [1]
USBD_LangIDDesc         0x20000158    0x4  Data  Gb  usbd_desc.o [1]
USBD_ParseSetupRequest  0x080055c1   0x28  Code  Gb  usbd_ctlreq.o [1]
USBD_RegisterClass      0x08004961   0x14  Code  Gb  usbd_core.o [1]
USBD_RunTestMode        0x0800497f    0x4  Code  Gb  usbd_core.o [1]
USBD_SetAddress         0x080053c7   0x5e  Code  Lc  usbd_ctlreq.o [1]
USBD_SetClassConfig     0x08004983   0x22  Code  Gb  usbd_core.o [1]
USBD_SetConfig          0x08005425   0xe4  Code  Lc  usbd_ctlreq.o [1]
USBD_SetConfig::cfgidx  0x200017d3    0x1  Data  Lc  usbd_ctlreq.o [1]
USBD_SetFeature         0x08005589   0x14  Code  Lc  usbd_ctlreq.o [1]
USBD_Start              0x08004975    0xa  Code  Gb  usbd_core.o [1]
USBD_StdDevReq          0x08004ea5   0x7a  Code  Gb  usbd_ctlreq.o [1]
USBD_StdEPReq           0x08004f89  0x23e  Code  Gb  usbd_ctlreq.o [1]
USBD_StdItfReq          0x08004f1f   0x6a  Code  Gb  usbd_ctlreq.o [1]
USBD_StrDesc            0x2000121c  0x200  Data  Gb  usbd_desc.o [1]
USBD_StringSerial       0x2000015c   0x1c  Data  Gb  usbd_desc.o [1]
USBD_static_free        0x08004819    0x2  Code  Gb  usbd_conf.o [1]
USBD_static_malloc      0x08004801    0x4  Code  Gb  usbd_conf.o [1]
USBD_static_malloc::mem
                        0x20000ffc  0x220  Data  Lc  usbd_conf.o [1]
USB_ActivateEndpoint    0x080032dd  0x36a  Code  Gb  stm32f1xx_ll_usb.o [1]
USB_CoreInit            0x08003285    0x8  Code  Gb  stm32f1xx_ll_usb.o [1]
USB_DeactivateEndpoint  0x08003647  0x1c4  Code  Gb  stm32f1xx_ll_usb.o [1]
USB_DevConnect          0x08003c53    0x4  Code  Gb  stm32f1xx_ll_usb.o [1]
USB_DevDisconnect       0x08003c57    0x4  Code  Gb  stm32f1xx_ll_usb.o [1]
USB_DevInit             0x080032b7   0x26  Code  Gb  stm32f1xx_ll_usb.o [1]
USB_DisableGlobalInt    0x0800329f   0x14  Code  Gb  stm32f1xx_ll_usb.o [1]
USB_EP0_OutStart        0x08003c61    0x4  Code  Gb  stm32f1xx_ll_usb.o [1]
USB_EPClearStall        0x08003ba3   0xa0  Code  Gb  stm32f1xx_ll_usb.o [1]
USB_EPSetStall          0x08003b5b   0x48  Code  Gb  stm32f1xx_ll_usb.o [1]
USB_EPStartXfer         0x0800380b  0x350  Code  Gb  stm32f1xx_ll_usb.o [1]
USB_EnableGlobalInt     0x0800328d   0x12  Code  Gb  stm32f1xx_ll_usb.o [1]
USB_LP_CAN1_RX0_IRQHandler
                        0x08007121    0xa  Code  Gb  stm32f1xx_it.o [1]
USB_ReadInterrupts      0x08003c5b    0x6  Code  Gb  stm32f1xx_ll_usb.o [1]
USB_ReadPMA             0x08003c97   0x36  Code  Gb  stm32f1xx_ll_usb.o [1]
USB_SetCurrentMode      0x080032b3    0x4  Code  Gb  stm32f1xx_ll_usb.o [1]
USB_SetDevAddress       0x08003c43   0x10  Code  Gb  stm32f1xx_ll_usb.o [1]
USB_WritePMA            0x08003c65   0x32  Code  Gb  stm32f1xx_ll_usb.o [1]
UsageFault_Handler      0x08007117    0x2  Code  Gb  stm32f1xx_it.o [1]
UserRxBufferFS          0x200002fc  0x3e8  Data  Gb  usbd_cdc_if.o [1]
UserTxBufferFS          0x200006e4  0x3e8  Data  Gb  usbd_cdc_if.o [1]
_Close_all              0x080072e1   0x3c  Code  Gb  xcloseall.o [3]
_Encoding_8859_1_Mbrlen
                        0x08002689    0x2  Code  Gb  xencoding_8859_1.o [3]
_Encoding_8859_1_Wctomb
                        0x08002677   0x12  Code  Gb  xencoding_8859_1.o [3]
_Files                  0x200002d0   0x20  Data  Gb  xfiles.o [3]
_Fofree                 0x08007039   0x78  Code  Gb  xfofind.o [3]
_Fspos                  0x08006bc9   0xd8  Code  Gb  xfspos.o [3]
_Fwprep                 0x08006ee1   0xb4  Code  Gb  xfwprep.o [3]
_GenldFull              0x08002347  0x27e  Code  Lc  xprintffull.o [3]
_LdtobFull              0x08001f2d  0x3f0  Code  Lc  xprintffull.o [3]
_LitobFull              0x08001dd1  0x116  Code  Lc  xprintffull.o [3]
_Locale_lconv           0x20000178   0x38  Data  Lc  xlocale_c.o [3]
_Nnl                    0x08006d4d    0xc  Code  Gb  xfgpos.o [3]
_PrintfFull             0x08001705  0x1b6  Code  Gb  xprintffull.o [3]
_Prout                  0x080073b1   0x16  Code  Gb  xprout.o [3]
_PutcharsFull           0x080025c5   0x2e  Code  Lc  xprintffull.o [3]
_PutfldFull             0x0800194d  0x2d0  Code  Lc  xprintffull.o [3]
_PutstrFull             0x08001d13   0xbe  Code  Lc  xprintffull.o [3]
_PuttxtFull             0x08001c1d   0xf6  Code  Lc  xprintffull.o [3]
__NVIC_EnableIRQ        0x0800486f   0x1a  Code  Lc  stm32f1xx_hal_cortex.o [1]
__NVIC_GetPriorityGrouping
                        0x08004865    0xa  Code  Lc  stm32f1xx_hal_cortex.o [1]
__NVIC_SetPriority      0x08004889   0x22  Code  Lc  stm32f1xx_hal_cortex.o [1]
__NVIC_SetPriorityGrouping
                        0x08004849   0x1c  Code  Lc  stm32f1xx_hal_cortex.o [1]
__aeabi_cdcmple         0x08002bad         Code  Gb  DblCmpLe.o [4]
__aeabi_cdrcmple        0x08002bdd         Code  Gb  DblCmpGe.o [4]
__aeabi_d2iz            0x08002d49         Code  Gb  DblToS32.o [4]
__aeabi_d2uiz           0x080030d5         Code  Gb  DblToU32.o [4]
__aeabi_ddiv            0x08002e8d         Code  Gb  DblDiv.o [4]
__aeabi_dmul            0x08002999         Code  Gb  DblMul.o [4]
__aeabi_dsub            0x08002da9         Code  Gb  DblSub.o [4]
__aeabi_i2d             0x08002d85         Code  Gb  S32ToDbl.o [4]
__aeabi_ldiv0           0x08003119         Code  Gb  I64DivZer.o [5]
__aeabi_memclr4         0x08005801         Code  Gb  ABImemclr4.o [5]
__aeabi_memcpy          0x08002801         Code  Gb  ABImemcpy.o [5]
__aeabi_memcpy4         0x08002821         Code  Gb  ABImemcpy.o [5]
__aeabi_memcpy8         0x08002821         Code  Gb  ABImemcpy.o [5]
__aeabi_ui2d            0x080030fd         Code  Gb  U32ToDbl.o [4]
__aeabi_uldivmod        0x080028a9         Code  Gb  I64DivMod.o [5]
__cexit_closeall        0x0800738b         Code  Gb  cexit.o [5]
__close                 0x080070b9   0x1a  Code  Gb  close.o [6]
__cmain                 0x08007365         Code  Gb  cmain.o [5]
__cstart_closeall       0x0800751c         Data  Gb  cstart_closeall.o [5]
__data_GetMemChunk      0x08001655   0x2c  Code  Gb  xgetmemchunk.o [3]
__data_GetMemChunk::start
                        0x200017cc    0x4  Data  Lc  xgetmemchunk.o [3]
__dwrite                0x08006e81   0x1e  Code  Gb  dwrite.o [6]
__exit                  0x08001681   0x14  Code  Gb  exit.o [6]
__iar_Fail_s            0x08002721   0x1e  Code  Gb  xfail_s.o [3]
__iar_Mbcurmax          0x080027f5    0xa  Code  Gb  xmbcurmax.o [3]
__iar_Memchr            0x0800279d         Code  Gb  memchr.o [5]
__iar_Memset4_word      0x08006809         Code  Gb  ABImemset48.o [5]
__iar_Memset8_word      0x08006809         Code  Gb  ABImemset48.o [5]
__iar_Stderr            0x20000288   0x48  Data  Gb  xfiles.o [3]
__iar_Stdin             0x200001f8   0x48  Data  Gb  xfiles.o [3]
__iar_Stdout            0x20000240   0x48  Data  Gb  xfiles.o [3]
__iar_Strchr            0x08002709         Code  Gb  strchr.o [5]
__iar_close_ttio        0x08001695   0x2c  Code  Gb  iarttio.o [6]
__iar_dadd              0x08002db9         Code  Gb  DblSub.o [4]
__iar_data_init3        0x0800731d   0x28  Code  Gb  data_init.o [5]
__iar_dlfree            0x080010dd  0x4f2  Code  Gb  dlmalloc.o [3]
__iar_dlmalloc          0x08000e25  0x2b8  Code  Gb  dlmalloc.o [3]
__iar_dsub              0x0800311d         Code  Gb  DblAdd.o [4]
__iar_dsubStart         0x0800312f         Code  Gb  DblAdd.o [4]
__iar_frexp             0x08002b49         Code  Gb  frexp.o [4]
__iar_frexp64           0x08002b3d         Code  Gb  frexp.o [4]
__iar_frexpl            0x08002b49         Code  Gb  frexp.o [4]
__iar_get_ttio          0x080016c1   0x38  Code  Gb  iarttio.o [6]
__iar_globLocale        0x200001b0   0x48  Data  Lc  xlocale_c.o [3]
__iar_global_Locale     0x08002695    0x4  Code  Gb  xlocale_c.o [3]
__iar_ldexp64           0x08002c0d         Code  Gb  ldexp.o [4]
__iar_lookup_ttioh      0x080016fd    0x8  Code  Gb  XShttio.o [3]
__iar_lz77_init_single3
                        0x080015db   0x7a  Code  Gb  lz77_init_single.o [5]
__iar_program_start     0x0800745d         Code  Gb  cstartup_M.o [5]
__iar_scalbln64         0x08002c0d         Code  Gb  ldexp.o [4]
__iar_scalbn64          0x08002c0d         Code  Gb  ldexp.o [4]
__iar_sh_Discard        0x08006db5   0x42  Code  Gb  XShHandles.o [3]
__iar_sh_Move           0x08006df7   0x46  Code  Gb  XShHandles.o [3]
__iar_sh_Pos            0x08006e3d   0x3e  Code  Gb  XShHandles.o [3]
__iar_sh_stdout         0x08006e9f   0x20  Code  Gb  iarwstd.o [6]
__iar_sh_write          0x08006ebf   0x22  Code  Gb  iarwrite.o [6]
__iar_systems$$module {Abs}
                        0x00000001         Data  Gb  command line/config [2]
__iar_ttio_handles      0x200002f0    0x8  Data  Lc  XShttio.o [3]
__iar_zero_init3        0x0800729f   0x40  Code  Gb  zero_init3.o [5]
__low_level_init        0x0800737f    0x4  Code  Gb  low_level_init.o [3]
__lseek                 0x08006d59   0x4c  Code  Gb  lseek.o [6]
__vector_table          0x08000000         Data  Gb  startup_stm32f103xb.o [1]
__write                 0x08006da5   0x10  Code  Gb  write.o [6]
_call_main              0x08007371         Code  Gb  cmain.o [5]
_exit                   0x08007389         Code  Gb  cexit.o [5]
_gLocale_mblen          0x080026f5    0x4  Code  Gb  xlocale_c.o [3]
_gLocale_mblenInt       0x080026bd   0x34  Code  Gb  xlocale_c.o [3]
_gLocale_wctomb         0x080026f9    0x4  Code  Gb  xlocale_c.o [3]
_gLocale_wctombInt      0x080026f1    0x4  Code  Gb  xlocale_c.o [3]
_gm_                    0x2000141c  0x1d8  Data  Lc  dlmalloc.o [3]
_main                   0x0800737b         Code  Gb  cmain.o [5]
abort                   0x080015d5    0x6  Code  Gb  abort.o [3]
add_segment             0x080004b1  0x202  Code  Lc  dlmalloc.o [3]
ebuf                    0x200016cc   0x50  Data  Lc  xfiles.o [3]
exit                    0x08007383    0x4  Code  Gb  exit.o [3]
fclose                  0x08006fb9   0x7e  Code  Gb  fclose.o [3]
fflush                  0x08006d15   0x34  Code  Gb  fflush.o [3]
fflushOne               0x08006ca1   0x74  Code  Lc  fflush.o [3]
fputc                   0x08007249   0x56  Code  Gb  fputc.o [3]
free                    0x080070b5    0x4  Code  Gb  heaptramp0.o [3]
frexp                   0x08002b3d         Code  Gb  frexp.o [4]
frexpl                  0x08002b3d         Code  Gb  frexp.o [4]
fseek                   0x08006f95   0x24  Code  Gb  fseek.o [3]
hUsbDeviceFS            0x20000acc  0x2c4  Data  Gb  usb_device.o [1]
hpcd_USB_FS             0x20000d90  0x26c  Data  Gb  usbd_conf.o [1]
hspi1                   0x20001674   0x58  Data  Gb  main.o [1]
htim1                   0x2000176c   0x40  Data  Gb  stm32f1xx_hal_timebase_tim.o [1]
init_mparams            0x0800010b   0x32  Code  Lc  dlmalloc.o [3]
init_top                0x0800013d   0x32  Code  Lc  dlmalloc.o [3]
ldexp                   0x08002c0d         Code  Gb  ldexp.o [4]
ldexpl                  0x08002c0d         Code  Gb  ldexp.o [4]
localeconv              0x080026fd    0x4  Code  Gb  xlocale_c.o [3]
main                    0x08004c6d   0x30  Code  Gb  main.o [1]
memchr                  0x0800279d         Code  Gb  memchr.o [5]
mparams                 0x200017ac   0x18  Data  Lc  dlmalloc.o [3]
obuf                    0x2000171c   0x50  Data  Lc  xfiles.o [3]
prepend_alloc           0x0800016f  0x342  Code  Lc  dlmalloc.o [3]
printf                  0x080067d5   0x28  Code  Gb  printf.o [3]
putchar                 0x080073c9    0xc  Code  Gb  putchar.o [3]
remove                  0x080070d3   0x16  Code  Gb  remove.o [6]
sFileInfo               0x200015f4   0x80  Data  Lc  XShHandles.o [3]
scalbln                 0x08002c0d         Code  Gb  ldexp.o [4]
scalblnl                0x08002c0d         Code  Gb  ldexp.o [4]
scalbn                  0x08002c0d         Code  Gb  ldexp.o [4]
scalbnl                 0x08002c0d         Code  Gb  ldexp.o [4]
scale                   0x08001ee7   0x46  Code  Lc  xprintffull.o [3]
sdDetecta               0x08005769   0x26  Code  Gb  driver_sd.o [1]
sdInicia                0x0800578f   0x38  Code  Gb  driver_sd.o [1]
sec_hand                0x200017c8    0x4  Data  Lc  xfail_s.o [3]
segment_holding         0x080000ed   0x1e  Code  Lc  dlmalloc.o [3]
strchr                  0x08002709         Code  Gb  strchr.o [5]
strlen                  0x08002765         Code  Gb  strlen.o [5]
sys_alloc               0x080006b9  0x160  Code  Lc  dlmalloc.o [3]
sys_trim                0x08000819   0x66  Code  Lc  dlmalloc.o [3]
tmalloc_large           0x0800088d  0x38e  Code  Lc  dlmalloc.o [3]
tmalloc_small           0x08000c1b  0x204  Code  Lc  dlmalloc.o [3]
uwTick                  0x200017c4    0x4  Data  Gb  stm32f1xx_hal.o [1]
uwTickFreq              0x200002f8    0x1  Data  Gb  stm32f1xx_hal.o [1]
uwTickPrio              0x20000000    0x4  Data  Gb  stm32f1xx_hal.o [1]


[1] = C:\Users\user\Documents\Guilherme\projetos\littleFS_sd\EWARM\littleFS_sd\Obj
[2] = command line
[3] = dl7M_tlf.a
[4] = m7M_tl.a
[5] = rt7M_tl.a
[6] = shb_l.a

  29 786 bytes of readonly  code memory
     535 bytes of readonly  data memory
   7 633 bytes of readwrite data memory

Errors: none
Warnings: none
